// Vitest Snapshot v1, https://vitest.dev/guide/snapshot.html

exports[`formatPretty > matches snapshot for full profile 1`] = `
"                                         _       
  _ __  _ __  _ __ ___        _ __   ___| |_ ___ 
 | '_ \\| '_ \\| '_ \` _ \\ _____| '_ \\ / _ \\ __/ __|
 | | | | |_) | | | | | |_____| |_) |  __/ |_\\__ \\
 |_| |_| .__/|_| |_| |_|     | .__/ \\___|\\__|___/
       |_|                   |_|                 
              ~ sindresorhus ~

╭──────────────── profile · sindresorhus ─────────────────╮
│                                                         │
│   2 packages · 27,000 GitHub stars across repos         │
│   60,000 GitHub followers                               │
│                                                         │
│   Downloads                                             │
│   ┌────────────┬─────────────┬───────────────┐          │
│   │ last week  │ last month  │ all time      │          │
│   ├────────────┼─────────────┼───────────────┤          │
│   │ 50,000,000 │ 200,000,000 │ 9,000,000,000 │          │
│   └────────────┴─────────────┴───────────────┘          │
│                                                         │
│   Insights                                              │
│     trend:   ↑ 11.1% MoM (200,000,000 vs 180,000,000)   │
│     health:  ● 0 active · ● 0 sleeping · ● 2 dormant    │
│     streak:  🔥 longest 6 mo in chalk                   │
│                                                         │
│   Top 5 by monthly downloads                            │
│   ┌─────────┬─────────────┬──────────┬────────┐         │
│   │ package │ monthly DL  │ stars    │ issues │         │
│   ├─────────┼─────────────┼──────────┼────────┤         │
│   │ chalk   │ 180,000,000 │ ★ 22,000 │ 4      │         │
│   ├─────────┼─────────────┼──────────┼────────┤         │
│   │ ora     │ 20,000,000  │ ★ 5,000  │ 12     │         │
│   └─────────┴─────────────┴──────────┴────────┘         │
│                                                         │
│   Generated 2026-05-07T12:00:00.000Z                    │
│                                                         │
╰─────────────────────────────────────────────────────────╯"
`;

exports[`formatPretty > matches snapshot when GitHub data is unavailable 1`] = `
"                                         _       
  _ __  _ __  _ __ ___        _ __   ___| |_ ___ 
 | '_ \\| '_ \\| '_ \` _ \\ _____| '_ \\ / _ \\ __/ __|
 | | | | |_) | | | | | |_____| |_) |  __/ |_\\__ \\
 |_| |_| .__/|_| |_| |_|     | .__/ \\___|\\__|___/
       |_|                   |_|                 
              ~ sindresorhus ~

╭─────────────────────────── profile · sindresorhus ───────────────────────────╮
│                                                                              │
│   2 packages                                                                 │
│   ⚠ GitHub data unavailable: GitHub rate limit hit; set GITHUB_TOKEN for     │
│   full data                                                                  │
│                                                                              │
│   Downloads                                                                  │
│   ┌────────────┬─────────────┬───────────────┐                               │
│   │ last week  │ last month  │ all time      │                               │
│   ├────────────┼─────────────┼───────────────┤                               │
│   │ 50,000,000 │ 200,000,000 │ 9,000,000,000 │                               │
│   └────────────┴─────────────┴───────────────┘                               │
│                                                                              │
│   Insights                                                                   │
│   trend:   ↑ 11.1% MoM (200,000,000 vs 180,000,000)                          │
│   health:  ● 0 active · ● 0 sleeping · ● 2 dormant                           │
│   streak:  🔥 longest 6 mo in chalk                                          │
│                                                                              │
│   Top 5 by monthly downloads                                                 │
│   ┌─────────┬─────────────┬───────┬────────┐                                 │
│   │ package │ monthly DL  │ stars │ issues │                                 │
│   ├─────────┼─────────────┼───────┼────────┤                                 │
│   │ chalk   │ 180,000,000 │ —     │ —      │                                 │
│   ├─────────┼─────────────┼───────┼────────┤                                 │
│   │ ora     │ 20,000,000  │ —     │ —      │                                 │
│   └─────────┴─────────────┴───────┴────────┘                                 │
│                                                                              │
│   Generated 2026-05-07T12:00:00.000Z                                         │
│                                                                              │
╰──────────────────────────────────────────────────────────────────────────────╯"
`;
